// Jest Snapshot v1, https://goo.gl/fbAQLP

exports[`Main Menu - WebApp Button Position (P0) buyer menu: exactly 1 WebApp button at top, 0 other URL buttons: buyer-menu-no-shop 1`] = `
{
  "inline_keyboard": [
    [
      {
        "hide": false,
        "text": "📱 Открыть Menu",
        "web_app": {
          "url": "https://your-domain.com",
        },
      },
    ],
    [
      {
        "callback_data": "seller:create_shop",
        "hide": false,
        "text": "➕ Магазин ($25)",
      },
    ],
    [
      {
        "callback_data": "buyer:search",
        "hide": false,
        "text": "🔍 Найти",
      },
    ],
    [
      {
        "callback_data": "buyer:subscriptions",
        "hide": false,
        "text": "📚 Подписки",
      },
    ],
    [
      {
        "callback_data": "buyer:orders",
        "hide": false,
        "text": "🛒 Заказы",
      },
    ],
    [
      {
        "callback_data": "role:toggle",
        "hide": false,
        "text": "🔄 Продавец",
      },
    ],
  ],
}
`;

exports[`Main Menu - WebApp Button Position (P0) main menu (role selection) has NO WebApp buttons: main-menu-role-selection 1`] = `
{
  "inline_keyboard": [
    [
      {
        "callback_data": "role:buyer",
        "hide": false,
        "text": "🛍 Покупатель",
      },
    ],
    [
      {
        "callback_data": "role:seller",
        "hide": false,
        "text": "💼 Продавец",
      },
    ],
  ],
}
`;

exports[`Main Menu - WebApp Button Position (P0) seller menu without shop: exactly 1 WebApp button if buyer role opened: buyer-menu-after-toggle 1`] = `
{
  "inline_keyboard": [
    [
      {
        "hide": false,
        "text": "📱 Открыть Menu",
        "web_app": {
          "url": "https://your-domain.com",
        },
      },
    ],
    [
      {
        "callback_data": "seller:create_shop",
        "hide": false,
        "text": "➕ Магазин ($25)",
      },
    ],
    [
      {
        "callback_data": "buyer:search",
        "hide": false,
        "text": "🔍 Найти",
      },
    ],
    [
      {
        "callback_data": "buyer:subscriptions",
        "hide": false,
        "text": "📚 Подписки",
      },
    ],
    [
      {
        "callback_data": "buyer:orders",
        "hide": false,
        "text": "🛒 Заказы",
      },
    ],
    [
      {
        "callback_data": "role:toggle",
        "hide": false,
        "text": "🔄 Продавец",
      },
    ],
  ],
}
`;

exports[`Main Menu - WebApp Button Position (P0) seller menu: exactly 1 WebApp button at top, 0 other URL buttons: seller-menu-with-shop 1`] = `
{
  "inline_keyboard": [
    [
      {
        "hide": false,
        "text": "📱 Открыть Menu",
        "web_app": {
          "url": "https://your-domain.com",
        },
      },
    ],
    [
      {
        "callback_data": "seller:sales",
        "hide": false,
        "text": "💰 Продажи",
      },
    ],
    [
      {
        "callback_data": "subscription:hub",
        "hide": false,
        "text": "📊 Подписка",
      },
    ],
    [
      {
        "callback_data": "seller:tools",
        "hide": false,
        "text": "🔧 Инструменты",
      },
    ],
    [
      {
        "callback_data": "role:toggle",
        "hide": false,
        "text": "🔄 Покупатель",
      },
    ],
  ],
}
`;
